4
4
17
17
39
39
42
42
4
4
17
17
39
39
42
42
4
4
17
