3
3
16
16
38
38
41
41
3
3
16
16
38
38
41
41
3
3
16
16
38
38
41
41
3
3
16
16
38
38
41
41
3
3
16
16
38
38
41
