got the message 0
0
1
2
3
got the message 1
7
6
5
4
got the message 2
11
10
9
8
got the message 0
12
13
14
15
got the message 1
19
18
17
16
