Combiner_1.matrix
[[1.0+0.0i]
 [1.0+0.0i]
 [1.0+0.0i]
 [1.0+0.0i]
 [1.0+0.0i]
 [1.0+0.0i]
 [1.0+0.0i]
 [1.0+0.0i]
 [1.0+0.0i]
 [1.0+0.0i]]
Combiner_1.vector
[[0.0+0.0i]]
MainBody_1.matrix
[[6.25+0.0i 6.875+0.0i 7.75+0.0i 8.875+0.0i 10.375+0.0i 12.5+0.0i 15.625+0.0i 20.75+0.0i 31.25+0.0i 62.5+0.0i]
 [6.25+0.0i 6.875+0.0i 7.75+0.0i 8.875+0.0i 10.375+0.0i 12.5+0.0i 15.625+0.0i 20.75+0.0i 31.25+0.0i 62.5+0.0i]
 [6.25+0.0i 6.875+0.0i 7.75+0.0i 8.875+0.0i 10.375+0.0i 12.5+0.0i 15.625+0.0i 20.75+0.0i 31.25+0.0i 62.5+0.0i]
 [6.25+0.0i 6.875+0.0i 7.75+0.0i 8.875+0.0i 10.375+0.0i 12.5+0.0i 15.625+0.0i 20.75+0.0i 31.25+0.0i 62.5+0.0i]
 [6.25+0.0i 6.875+0.0i 7.75+0.0i 8.875+0.0i 10.375+0.0i 12.5+0.0i 15.625+0.0i 20.75+0.0i 31.25+0.0i 62.5+0.0i]
 [6.25+0.0i 6.875+0.0i 7.75+0.0i 8.875+0.0i 10.375+0.0i 12.5+0.0i 15.625+0.0i 20.75+0.0i 31.25+0.0i 62.5+0.0i]
 [6.25+0.0i 6.875+0.0i 7.75+0.0i 8.875+0.0i 10.375+0.0i 12.5+0.0i 15.625+0.0i 20.75+0.0i 31.25+0.0i 62.5+0.0i]
 [6.25+0.0i 6.875+0.0i 7.75+0.0i 8.875+0.0i 10.375+0.0i 12.5+0.0i 15.625+0.0i 20.75+0.0i 31.25+0.0i 62.5+0.0i]]
MainBody_1.vector
[[0.0+0.0i 0.0+0.0i 0.0+0.0i 0.0+0.0i 0.0+0.0i 0.0+0.0i 0.0+0.0i 0.0+0.0i 0.0+0.0i 0.0+0.0i]]
Pipeline_1.matrix
[[182.75+0.0i]
 [182.75+0.0i]
 [182.75+0.0i]
 [182.75+0.0i]
 [182.75+0.0i]
 [182.75+0.0i]
 [182.75+0.0i]
 [182.75+0.0i]]
Pipeline_1.vector
[[0.0+0.0i]]
SimpleAverageFIR_1.matrix
[[62.5+0.0i]
 [62.5+0.0i]
 [62.5+0.0i]
 [62.5+0.0i]
 [62.5+0.0i]
 [62.5+0.0i]
 [62.5+0.0i]
 [62.5+0.0i]]
SimpleAverageFIR_1.vector
[[0.0+0.0i]]
SimpleAverageFIR_10.matrix
[[6.25+0.0i]
 [6.25+0.0i]
 [6.25+0.0i]
 [6.25+0.0i]
 [6.25+0.0i]
 [6.25+0.0i]
 [6.25+0.0i]
 [6.25+0.0i]]
SimpleAverageFIR_10.vector
[[0.0+0.0i]]
SimpleAverageFIR_2.matrix
[[31.25+0.0i]
 [31.25+0.0i]
 [31.25+0.0i]
 [31.25+0.0i]
 [31.25+0.0i]
 [31.25+0.0i]
 [31.25+0.0i]
 [31.25+0.0i]]
SimpleAverageFIR_2.vector
[[0.0+0.0i]]
SimpleAverageFIR_3.matrix
[[20.75+0.0i]
 [20.75+0.0i]
 [20.75+0.0i]
 [20.75+0.0i]
 [20.75+0.0i]
 [20.75+0.0i]
 [20.75+0.0i]
 [20.75+0.0i]]
SimpleAverageFIR_3.vector
[[0.0+0.0i]]
SimpleAverageFIR_4.matrix
[[15.625+0.0i]
 [15.625+0.0i]
 [15.625+0.0i]
 [15.625+0.0i]
 [15.625+0.0i]
 [15.625+0.0i]
 [15.625+0.0i]
 [15.625+0.0i]]
SimpleAverageFIR_4.vector
[[0.0+0.0i]]
SimpleAverageFIR_5.matrix
[[12.5+0.0i]
 [12.5+0.0i]
 [12.5+0.0i]
 [12.5+0.0i]
 [12.5+0.0i]
 [12.5+0.0i]
 [12.5+0.0i]
 [12.5+0.0i]]
SimpleAverageFIR_5.vector
[[0.0+0.0i]]
SimpleAverageFIR_6.matrix
[[10.375+0.0i]
 [10.375+0.0i]
 [10.375+0.0i]
 [10.375+0.0i]
 [10.375+0.0i]
 [10.375+0.0i]
 [10.375+0.0i]
 [10.375+0.0i]]
SimpleAverageFIR_6.vector
[[0.0+0.0i]]
SimpleAverageFIR_7.matrix
[[8.875+0.0i]
 [8.875+0.0i]
 [8.875+0.0i]
 [8.875+0.0i]
 [8.875+0.0i]
 [8.875+0.0i]
 [8.875+0.0i]
 [8.875+0.0i]]
SimpleAverageFIR_7.vector
[[0.0+0.0i]]
SimpleAverageFIR_8.matrix
[[7.75+0.0i]
 [7.75+0.0i]
 [7.75+0.0i]
 [7.75+0.0i]
 [7.75+0.0i]
 [7.75+0.0i]
 [7.75+0.0i]
 [7.75+0.0i]]
SimpleAverageFIR_8.vector
[[0.0+0.0i]]
SimpleAverageFIR_9.matrix
[[6.875+0.0i]
 [6.875+0.0i]
 [6.875+0.0i]
 [6.875+0.0i]
 [6.875+0.0i]
 [6.875+0.0i]
 [6.875+0.0i]
 [6.875+0.0i]]
SimpleAverageFIR_9.vector
[[0.0+0.0i]]
