FloatFilter1_1.matrix
[[1.0+0.0i 6.0+0.0i 0.0+0.0i]
 [6.0+0.0i 5.0+0.0i 0.0+0.0i]
 [4.0+0.0i 1.0+0.0i 0.0+0.0i]]
FloatFilter1_1.vector
[[0.0+0.0i 7.340000152587891+0.0i 5.0+0.0i]]
FloatFilter2_1.matrix
[[1.0+0.0i 3.0+0.0i 5.0+0.0i]
 [2.0+0.0i 0.0+0.0i 1.0+0.0i]
 [2.0+0.0i 3.0+0.0i 2.0+0.0i]
 [1.0+0.0i 3.0+0.0i 4.0+0.0i]]
FloatFilter2_1.vector
[[3.0+0.0i -24.0+0.0i 0.0+0.0i]]
FloatIdentity_1.matrix
[[1.0+0.0i]]
FloatIdentity_1.vector
[[0.0+0.0i]]
LinearWrapper_1.matrix
[[13.0+0.0i 3.0+0.0i 11.0+0.0i 0.0+0.0i 0.0+0.0i 0.0+0.0i 0.0+0.0i 0.0+0.0i 0.0+0.0i]
 [16.0+0.0i 18.0+0.0i 35.0+0.0i 0.0+0.0i 0.0+0.0i 0.0+0.0i 0.0+0.0i 0.0+0.0i 0.0+0.0i]
 [6.0+0.0i 12.0+0.0i 21.0+0.0i 0.0+0.0i 0.0+0.0i 0.0+0.0i 0.0+0.0i 0.0+0.0i 0.0+0.0i]
 [1.0+0.0i 3.0+0.0i 4.0+0.0i 6.0+0.0i 18.0+0.0i 30.0+0.0i 0.0+0.0i 0.0+0.0i 0.0+0.0i]
 [6.0+0.0i 18.0+0.0i 24.0+0.0i 5.0+0.0i 15.0+0.0i 25.0+0.0i 0.0+0.0i 0.0+0.0i 0.0+0.0i]
 [4.0+0.0i 12.0+0.0i 16.0+0.0i 1.0+0.0i 3.0+0.0i 5.0+0.0i 0.0+0.0i 0.0+0.0i 0.0+0.0i]
 [0.0+0.0i 0.0+0.0i 0.0+0.0i 8.0+0.0i 21.0+0.0i 26.0+0.0i 0.0+0.0i 0.0+0.0i 0.0+0.0i]
 [0.0+0.0i 0.0+0.0i 0.0+0.0i 17.0+0.0i 33.0+0.0i 32.0+0.0i 0.0+0.0i 0.0+0.0i 0.0+0.0i]
 [0.0+0.0i 0.0+0.0i 0.0+0.0i 9.0+0.0i 15.0+0.0i 12.0+0.0i 0.0+0.0i 0.0+0.0i 0.0+0.0i]
 [0.0+0.0i 0.0+0.0i 0.0+0.0i 0.0+0.0i 0.0+0.0i 0.0+0.0i 14.0+0.0i 18.0+0.0i 13.0+0.0i]
 [0.0+0.0i 0.0+0.0i 0.0+0.0i 0.0+0.0i 0.0+0.0i 0.0+0.0i 22.0+0.0i 15.0+0.0i 16.0+0.0i]
 [0.0+0.0i 0.0+0.0i 0.0+0.0i 0.0+0.0i 0.0+0.0i 0.0+0.0i 10.0+0.0i 3.0+0.0i 6.0+0.0i]]
LinearWrapper_1.vector
[[27.68000030517578+0.0i -9.0+0.0i 17.34000015258789+0.0i 27.68000030517578+0.0i 20.040000915527344+0.0i 71.06000137329102+0.0i 27.68000030517578+0.0i 28.020000457763672+0.0i 59.68000030517578+0.0i]]
