LowPassFilter_1.matrix
[[-2.150286526614309E-8+0.0i]
 [0.03536776453256607+0.0i]
 [1.3913767027418089E-8+0.0i]
 [-0.04547283798456192+0.0i]
 [-1.265269111705436E-9+0.0i]
 [0.06366197764873505+0.0i]
 [1.3913767027418089E-8+0.0i]
 [-0.10610329359769821+0.0i]
 [-1.3913767027418089E-8+0.0i]
 [0.31830987334251404+0.0i]
 [0.5+0.0i]
 [0.31830987334251404+0.0i]
 [-1.3913767027418089E-8+0.0i]
 [-0.10610329359769821+0.0i]
 [1.3913767027418089E-8+0.0i]
 [0.06366197764873505+0.0i]
 [-1.265269111705436E-9+0.0i]
 [-0.04547283798456192+0.0i]
 [1.3913767027418089E-8+0.0i]
 [0.03536776453256607+0.0i]]
LowPassFilter_1.vector
[[0.0+0.0i]]
