SimpleAverageFIR_1.matrix
[[0.1+0.0i]
 [0.1+0.0i]
 [0.1+0.0i]
 [0.1+0.0i]
 [0.1+0.0i]
 [0.1+0.0i]
 [0.1+0.0i]
 [0.1+0.0i]
 [0.1+0.0i]
 [0.1+0.0i]]
SimpleAverageFIR_1.vector
[[0.0+0.0i]]
