LinearSJ_1.matrix
[[18.0+0.0i 17.0+0.0i 16.0+0.0i 15.0+0.0i 14.0+0.0i 13.0+0.0i 12.0+0.0i 11.0+0.0i 10.0+0.0i 9.0+0.0i]
 [17.0+0.0i 16.0+0.0i 15.0+0.0i 14.0+0.0i 13.0+0.0i 12.0+0.0i 11.0+0.0i 10.0+0.0i 9.0+0.0i 8.0+0.0i]
 [16.0+0.0i 15.0+0.0i 14.0+0.0i 13.0+0.0i 12.0+0.0i 11.0+0.0i 10.0+0.0i 9.0+0.0i 8.0+0.0i 7.0+0.0i]
 [15.0+0.0i 14.0+0.0i 13.0+0.0i 12.0+0.0i 11.0+0.0i 10.0+0.0i 9.0+0.0i 8.0+0.0i 7.0+0.0i 6.0+0.0i]
 [14.0+0.0i 13.0+0.0i 12.0+0.0i 11.0+0.0i 10.0+0.0i 9.0+0.0i 8.0+0.0i 7.0+0.0i 6.0+0.0i 5.0+0.0i]
 [13.0+0.0i 12.0+0.0i 11.0+0.0i 10.0+0.0i 9.0+0.0i 8.0+0.0i 7.0+0.0i 6.0+0.0i 5.0+0.0i 4.0+0.0i]
 [12.0+0.0i 11.0+0.0i 10.0+0.0i 9.0+0.0i 8.0+0.0i 7.0+0.0i 6.0+0.0i 5.0+0.0i 4.0+0.0i 3.0+0.0i]
 [11.0+0.0i 10.0+0.0i 9.0+0.0i 8.0+0.0i 7.0+0.0i 6.0+0.0i 5.0+0.0i 4.0+0.0i 3.0+0.0i 2.0+0.0i]
 [10.0+0.0i 9.0+0.0i 8.0+0.0i 7.0+0.0i 6.0+0.0i 5.0+0.0i 4.0+0.0i 3.0+0.0i 2.0+0.0i 1.0+0.0i]
 [9.0+0.0i 8.0+0.0i 7.0+0.0i 6.0+0.0i 5.0+0.0i 4.0+0.0i 3.0+0.0i 2.0+0.0i 1.0+0.0i 0.0+0.0i]]
LinearSJ_1.vector
[[0.0+0.0i 0.0+0.0i 0.0+0.0i 0.0+0.0i 0.0+0.0i 0.0+0.0i 0.0+0.0i 0.0+0.0i 0.0+0.0i 0.0+0.0i]]
MockFIRFilter_1.matrix
[[9.0+0.0i]
 [8.0+0.0i]
 [7.0+0.0i]
 [6.0+0.0i]
 [5.0+0.0i]
 [4.0+0.0i]
 [3.0+0.0i]
 [2.0+0.0i]
 [1.0+0.0i]
 [0.0+0.0i]]
MockFIRFilter_1.vector
[[0.0+0.0i]]
MockFIRFilter_10.matrix
[[18.0+0.0i]
 [17.0+0.0i]
 [16.0+0.0i]
 [15.0+0.0i]
 [14.0+0.0i]
 [13.0+0.0i]
 [12.0+0.0i]
 [11.0+0.0i]
 [10.0+0.0i]
 [9.0+0.0i]]
MockFIRFilter_10.vector
[[0.0+0.0i]]
MockFIRFilter_2.matrix
[[10.0+0.0i]
 [9.0+0.0i]
 [8.0+0.0i]
 [7.0+0.0i]
 [6.0+0.0i]
 [5.0+0.0i]
 [4.0+0.0i]
 [3.0+0.0i]
 [2.0+0.0i]
 [1.0+0.0i]]
MockFIRFilter_2.vector
[[0.0+0.0i]]
MockFIRFilter_3.matrix
[[11.0+0.0i]
 [10.0+0.0i]
 [9.0+0.0i]
 [8.0+0.0i]
 [7.0+0.0i]
 [6.0+0.0i]
 [5.0+0.0i]
 [4.0+0.0i]
 [3.0+0.0i]
 [2.0+0.0i]]
MockFIRFilter_3.vector
[[0.0+0.0i]]
MockFIRFilter_4.matrix
[[12.0+0.0i]
 [11.0+0.0i]
 [10.0+0.0i]
 [9.0+0.0i]
 [8.0+0.0i]
 [7.0+0.0i]
 [6.0+0.0i]
 [5.0+0.0i]
 [4.0+0.0i]
 [3.0+0.0i]]
MockFIRFilter_4.vector
[[0.0+0.0i]]
MockFIRFilter_5.matrix
[[13.0+0.0i]
 [12.0+0.0i]
 [11.0+0.0i]
 [10.0+0.0i]
 [9.0+0.0i]
 [8.0+0.0i]
 [7.0+0.0i]
 [6.0+0.0i]
 [5.0+0.0i]
 [4.0+0.0i]]
MockFIRFilter_5.vector
[[0.0+0.0i]]
MockFIRFilter_6.matrix
[[14.0+0.0i]
 [13.0+0.0i]
 [12.0+0.0i]
 [11.0+0.0i]
 [10.0+0.0i]
 [9.0+0.0i]
 [8.0+0.0i]
 [7.0+0.0i]
 [6.0+0.0i]
 [5.0+0.0i]]
MockFIRFilter_6.vector
[[0.0+0.0i]]
MockFIRFilter_7.matrix
[[15.0+0.0i]
 [14.0+0.0i]
 [13.0+0.0i]
 [12.0+0.0i]
 [11.0+0.0i]
 [10.0+0.0i]
 [9.0+0.0i]
 [8.0+0.0i]
 [7.0+0.0i]
 [6.0+0.0i]]
MockFIRFilter_7.vector
[[0.0+0.0i]]
MockFIRFilter_8.matrix
[[16.0+0.0i]
 [15.0+0.0i]
 [14.0+0.0i]
 [13.0+0.0i]
 [12.0+0.0i]
 [11.0+0.0i]
 [10.0+0.0i]
 [9.0+0.0i]
 [8.0+0.0i]
 [7.0+0.0i]]
MockFIRFilter_8.vector
[[0.0+0.0i]]
MockFIRFilter_9.matrix
[[17.0+0.0i]
 [16.0+0.0i]
 [15.0+0.0i]
 [14.0+0.0i]
 [13.0+0.0i]
 [12.0+0.0i]
 [11.0+0.0i]
 [10.0+0.0i]
 [9.0+0.0i]
 [8.0+0.0i]]
MockFIRFilter_9.vector
[[0.0+0.0i]]
