LinearWrapper_1.matrix
[[20.0+0.0i 25.0+0.0i 30.0+0.0i 12.0+0.0i 15.0+0.0i 18.0+0.0i 0.0+0.0i 0.0+0.0i 0.0+0.0i]
 [40.0+0.0i 50.0+0.0i 60.0+0.0i 20.0+0.0i 25.0+0.0i 30.0+0.0i 0.0+0.0i 0.0+0.0i 0.0+0.0i]
 [60.0+0.0i 75.0+0.0i 90.0+0.0i 28.0+0.0i 35.0+0.0i 42.0+0.0i 0.0+0.0i 0.0+0.0i 0.0+0.0i]
 [1.0+0.0i 2.0+0.0i 3.0+0.0i 6.0+0.0i 9.0+0.0i 12.0+0.0i 15.0+0.0i 21.0+0.0i 27.0+0.0i]
 [4.0+0.0i 8.0+0.0i 12.0+0.0i 21.0+0.0i 30.0+0.0i 39.0+0.0i 41.0+0.0i 55.0+0.0i 69.0+0.0i]
 [7.0+0.0i 14.0+0.0i 21.0+0.0i 36.0+0.0i 51.0+0.0i 66.0+0.0i 67.0+0.0i 89.0+0.0i 111.0+0.0i]]
LinearWrapper_1.vector
[[0.0+0.0i 0.0+0.0i 0.0+0.0i 0.0+0.0i 0.0+0.0i 0.0+0.0i 0.0+0.0i 0.0+0.0i 0.0+0.0i]]
RedundantFilter_1.matrix
[[1.0+0.0i 2.0+0.0i 3.0+0.0i]
 [4.0+0.0i 5.0+0.0i 5.0+0.0i]
 [7.0+0.0i 8.0+0.0i 7.0+0.0i]]
RedundantFilter_1.vector
[[0.0+0.0i 0.0+0.0i 0.0+0.0i]]
RedundantPeekFilter_1.matrix
[[4.0+0.0i 5.0+0.0i 6.0+0.0i]
 [4.0+0.0i 5.0+0.0i 6.0+0.0i]
 [1.0+0.0i 2.0+0.0i 3.0+0.0i]]
RedundantPeekFilter_1.vector
[[0.0+0.0i 0.0+0.0i 0.0+0.0i]]
