FloatFilter1_1.matrix
[[1.0+0.0i 2.0+0.0i]
 [3.0+0.0i 4.0+0.0i]]
FloatFilter1_1.vector
[[0.0+0.0i 0.0+0.0i]]
FloatFilter2_1.matrix
[[5.0+0.0i 6.0+0.0i]
 [7.0+0.0i 8.0+0.0i]
 [9.0+0.0i 10.0+0.0i]]
FloatFilter2_1.vector
[[0.0+0.0i 0.0+0.0i]]
LinearSJ_1.matrix
[[5.0+0.0i 0.0+0.0i 6.0+0.0i 0.0+0.0i]
 [7.0+0.0i 0.0+0.0i 8.0+0.0i 0.0+0.0i]
 [9.0+0.0i 0.0+0.0i 10.0+0.0i 0.0+0.0i]
 [0.0+0.0i 1.0+0.0i 0.0+0.0i 2.0+0.0i]
 [0.0+0.0i 3.0+0.0i 0.0+0.0i 4.0+0.0i]]
LinearSJ_1.vector
[[0.0+0.0i 0.0+0.0i 0.0+0.0i 0.0+0.0i]]
