FloatFilter1_1.matrix
[[1.0+0.0i 2.0+0.0i]
 [3.0+0.0i 4.0+0.0i]
 [5.0+0.0i 6.0+0.0i]
 [7.0+0.0i 8.0+0.0i]]
FloatFilter1_1.vector
[[9.0+0.0i 10.0+0.0i]]
FloatFilter2_1.matrix
[[1.0+0.0i 2.0+0.0i 3.0+0.0i]
 [4.0+0.0i 5.0+0.0i 6.0+0.0i]]
FloatFilter2_1.vector
[[3.0+0.0i 2.0+0.0i 1.0+0.0i]]
FloatFilter3_1.matrix
[[1.0+0.0i 2.0+0.0i]
 [3.0+0.0i 4.0+0.0i]
 [5.0+0.0i 6.0+0.0i]]
FloatFilter3_1.vector
[[9.0+0.0i 10.0+0.0i]]
FloatFilter4_1.matrix
[[1.0+0.0i 2.0+0.0i 1.0+0.0i]
 [2.0+0.0i 1.0+0.0i 2.0+0.0i]
 [3.0+0.0i 3.0+0.0i 3.0+0.0i]]
FloatFilter4_1.vector
[[0.0+0.0i 0.0+0.0i 0.0+0.0i]]
LinearPipe2_1.matrix
[[5.0+0.0i 4.0+0.0i 5.0+0.0i 0.0+0.0i 0.0+0.0i 0.0+0.0i]
 [11.0+0.0i 10.0+0.0i 11.0+0.0i 0.0+0.0i 0.0+0.0i 0.0+0.0i]
 [17.0+0.0i 16.0+0.0i 17.0+0.0i 0.0+0.0i 0.0+0.0i 0.0+0.0i]
 [3.0+0.0i 3.0+0.0i 3.0+0.0i 2.0+0.0i 4.0+0.0i 2.0+0.0i]
 [9.0+0.0i 9.0+0.0i 9.0+0.0i 4.0+0.0i 8.0+0.0i 4.0+0.0i]
 [15.0+0.0i 15.0+0.0i 15.0+0.0i 6.0+0.0i 12.0+0.0i 6.0+0.0i]
 [0.0+0.0i 0.0+0.0i 0.0+0.0i 8.0+0.0i 7.0+0.0i 8.0+0.0i]
 [0.0+0.0i 0.0+0.0i 0.0+0.0i 18.0+0.0i 15.0+0.0i 18.0+0.0i]
 [0.0+0.0i 0.0+0.0i 0.0+0.0i 28.0+0.0i 23.0+0.0i 28.0+0.0i]]
LinearPipe2_1.vector
[[56.0+0.0i 55.0+0.0i 56.0+0.0i 58.0+0.0i 59.0+0.0i 58.0+0.0i]]
LinearPipe_1.matrix
[[9.0+0.0i 12.0+0.0i 15.0+0.0i]
 [19.0+0.0i 26.0+0.0i 33.0+0.0i]
 [29.0+0.0i 40.0+0.0i 51.0+0.0i]
 [39.0+0.0i 54.0+0.0i 69.0+0.0i]]
LinearPipe_1.vector
[[52.0+0.0i 70.0+0.0i 88.0+0.0i]]
LinearWrapper_1.matrix
[[432.0+0.0i 396.0+0.0i 432.0+0.0i 0.0+0.0i 0.0+0.0i 0.0+0.0i]
 [942.0+0.0i 864.0+0.0i 942.0+0.0i 0.0+0.0i 0.0+0.0i 0.0+0.0i]
 [1452.0+0.0i 1332.0+0.0i 1452.0+0.0i 0.0+0.0i 0.0+0.0i 0.0+0.0i]
 [1962.0+0.0i 1800.0+0.0i 1962.0+0.0i 0.0+0.0i 0.0+0.0i 0.0+0.0i]
 [360.0+0.0i 360.0+0.0i 360.0+0.0i 156.0+0.0i 312.0+0.0i 156.0+0.0i]
 [786.0+0.0i 786.0+0.0i 786.0+0.0i 340.0+0.0i 680.0+0.0i 340.0+0.0i]
 [1212.0+0.0i 1212.0+0.0i 1212.0+0.0i 524.0+0.0i 1048.0+0.0i 524.0+0.0i]
 [1638.0+0.0i 1638.0+0.0i 1638.0+0.0i 708.0+0.0i 1416.0+0.0i 708.0+0.0i]
 [0.0+0.0i 0.0+0.0i 0.0+0.0i 708.0+0.0i 588.0+0.0i 708.0+0.0i]
 [0.0+0.0i 0.0+0.0i 0.0+0.0i 1544.0+0.0i 1282.0+0.0i 1544.0+0.0i]
 [0.0+0.0i 0.0+0.0i 0.0+0.0i 2380.0+0.0i 1976.0+0.0i 2380.0+0.0i]
 [0.0+0.0i 0.0+0.0i 0.0+0.0i 3216.0+0.0i 2670.0+0.0i 3216.0+0.0i]]
LinearWrapper_1.vector
[[4688.0+0.0i 4477.0+0.0i 4688.0+0.0i 5110.0+0.0i 5321.0+0.0i 5110.0+0.0i]]
