FloatFilter1_1.matrix
[[1.0+0.0i 2.0+0.0i]
 [3.0+0.0i 4.0+0.0i]
 [5.0+0.0i 6.0+0.0i]
 [7.0+0.0i 8.0+0.0i]]
FloatFilter1_1.vector
[[9.0+0.0i 10.0+0.0i]]
Identity_1.matrix
[[1.0+0.0i]]
Identity_1.vector
[[0.0+0.0i]]
LinearPipe_1.matrix
[[1.0+0.0i 2.0+0.0i]
 [3.0+0.0i 4.0+0.0i]
 [5.0+0.0i 6.0+0.0i]
 [7.0+0.0i 8.0+0.0i]]
LinearPipe_1.vector
[[9.0+0.0i 10.0+0.0i]]
