LinearFilter1_1.matrix
[[19.0+0.0i 14.0+0.0i 9.0+0.0i 4.0+0.0i]
 [15.0+0.0i 11.0+0.0i 7.0+0.0i 3.0+0.0i]
 [11.0+0.0i 8.0+0.0i 5.0+0.0i 2.0+0.0i]
 [7.0+0.0i 5.0+0.0i 3.0+0.0i 1.0+0.0i]]
LinearFilter1_1.vector
[[0.0+0.0i 0.0+0.0i 0.0+0.0i 0.0+0.0i]]
LinearFilter1_2.matrix
[[7.0+0.0i 3.0+0.0i]
 [5.0+0.0i 2.0+0.0i]
 [3.0+0.0i 1.0+0.0i]]
LinearFilter1_2.vector
[[0.0+0.0i 0.0+0.0i]]
LinearFilter2_1.matrix
[[1.0+0.0i 2.0+0.0i]
 [3.0+0.0i 4.0+0.0i]
 [5.0+0.0i 6.0+0.0i]]
LinearFilter2_1.vector
[[0.0+0.0i 0.0+0.0i]]
LinearPipe2_1.matrix
[[16.0+0.0i 26.0+0.0i 0.0+0.0i 0.0+0.0i]
 [11.0+0.0i 18.0+0.0i 0.0+0.0i 0.0+0.0i]
 [6.0+0.0i 10.0+0.0i 0.0+0.0i 0.0+0.0i]
 [35.0+0.0i 42.0+0.0i 3.0+0.0i 6.0+0.0i]
 [25.0+0.0i 30.0+0.0i 2.0+0.0i 4.0+0.0i]
 [15.0+0.0i 18.0+0.0i 1.0+0.0i 2.0+0.0i]
 [0.0+0.0i 0.0+0.0i 36.0+0.0i 46.0+0.0i]
 [0.0+0.0i 0.0+0.0i 25.0+0.0i 32.0+0.0i]
 [0.0+0.0i 0.0+0.0i 14.0+0.0i 18.0+0.0i]]
LinearPipe2_1.vector
[[0.0+0.0i 0.0+0.0i 0.0+0.0i 0.0+0.0i]]
LinearPipe_1.matrix
[[19.0+0.0i 14.0+0.0i 9.0+0.0i 4.0+0.0i]
 [15.0+0.0i 11.0+0.0i 7.0+0.0i 3.0+0.0i]
 [11.0+0.0i 8.0+0.0i 5.0+0.0i 2.0+0.0i]
 [7.0+0.0i 5.0+0.0i 3.0+0.0i 1.0+0.0i]]
LinearPipe_1.vector
[[0.0+0.0i 0.0+0.0i 0.0+0.0i 0.0+0.0i]]
LinearWrapper_1.matrix
[[652.0+0.0i 1004.0+0.0i 12.0+0.0i 24.0+0.0i 0.0+0.0i 0.0+0.0i 0.0+0.0i 0.0+0.0i 0.0+0.0i 0.0+0.0i 0.0+0.0i 0.0+0.0i 0.0+0.0i 0.0+0.0i 0.0+0.0i 0.0+0.0i]
 [508.0+0.0i 784.0+0.0i 9.0+0.0i 18.0+0.0i 0.0+0.0i 0.0+0.0i 0.0+0.0i 0.0+0.0i 0.0+0.0i 0.0+0.0i 0.0+0.0i 0.0+0.0i 0.0+0.0i 0.0+0.0i 0.0+0.0i 0.0+0.0i]
 [364.0+0.0i 564.0+0.0i 6.0+0.0i 12.0+0.0i 0.0+0.0i 0.0+0.0i 0.0+0.0i 0.0+0.0i 0.0+0.0i 0.0+0.0i 0.0+0.0i 0.0+0.0i 0.0+0.0i 0.0+0.0i 0.0+0.0i 0.0+0.0i]
 [220.0+0.0i 344.0+0.0i 3.0+0.0i 6.0+0.0i 0.0+0.0i 0.0+0.0i 0.0+0.0i 0.0+0.0i 0.0+0.0i 0.0+0.0i 0.0+0.0i 0.0+0.0i 0.0+0.0i 0.0+0.0i 0.0+0.0i 0.0+0.0i]
 [685.0+0.0i 822.0+0.0i 476.0+0.0i 646.0+0.0i 0.0+0.0i 0.0+0.0i 0.0+0.0i 0.0+0.0i 0.0+0.0i 0.0+0.0i 0.0+0.0i 0.0+0.0i 0.0+0.0i 0.0+0.0i 0.0+0.0i 0.0+0.0i]
 [540.0+0.0i 648.0+0.0i 368.0+0.0i 500.0+0.0i 0.0+0.0i 0.0+0.0i 0.0+0.0i 0.0+0.0i 0.0+0.0i 0.0+0.0i 0.0+0.0i 0.0+0.0i 0.0+0.0i 0.0+0.0i 0.0+0.0i 0.0+0.0i]
 [395.0+0.0i 474.0+0.0i 260.0+0.0i 354.0+0.0i 0.0+0.0i 0.0+0.0i 0.0+0.0i 0.0+0.0i 0.0+0.0i 0.0+0.0i 0.0+0.0i 0.0+0.0i 0.0+0.0i 0.0+0.0i 0.0+0.0i 0.0+0.0i]
 [250.0+0.0i 300.0+0.0i 152.0+0.0i 208.0+0.0i 0.0+0.0i 0.0+0.0i 0.0+0.0i 0.0+0.0i 0.0+0.0i 0.0+0.0i 0.0+0.0i 0.0+0.0i 0.0+0.0i 0.0+0.0i 0.0+0.0i 0.0+0.0i]
 [0.0+0.0i 0.0+0.0i 266.0+0.0i 342.0+0.0i 347.0+0.0i 566.0+0.0i 0.0+0.0i 0.0+0.0i 0.0+0.0i 0.0+0.0i 0.0+0.0i 0.0+0.0i 0.0+0.0i 0.0+0.0i 0.0+0.0i 0.0+0.0i]
 [0.0+0.0i 0.0+0.0i 210.0+0.0i 270.0+0.0i 271.0+0.0i 442.0+0.0i 0.0+0.0i 0.0+0.0i 0.0+0.0i 0.0+0.0i 0.0+0.0i 0.0+0.0i 0.0+0.0i 0.0+0.0i 0.0+0.0i 0.0+0.0i]
 [0.0+0.0i 0.0+0.0i 154.0+0.0i 198.0+0.0i 195.0+0.0i 318.0+0.0i 0.0+0.0i 0.0+0.0i 0.0+0.0i 0.0+0.0i 0.0+0.0i 0.0+0.0i 0.0+0.0i 0.0+0.0i 0.0+0.0i 0.0+0.0i]
 [0.0+0.0i 0.0+0.0i 98.0+0.0i 126.0+0.0i 119.0+0.0i 194.0+0.0i 0.0+0.0i 0.0+0.0i 0.0+0.0i 0.0+0.0i 0.0+0.0i 0.0+0.0i 0.0+0.0i 0.0+0.0i 0.0+0.0i 0.0+0.0i]
 [0.0+0.0i 0.0+0.0i 0.0+0.0i 0.0+0.0i 1150.0+0.0i 1380.0+0.0i 238.0+0.0i 372.0+0.0i 0.0+0.0i 0.0+0.0i 0.0+0.0i 0.0+0.0i 0.0+0.0i 0.0+0.0i 0.0+0.0i 0.0+0.0i]
 [0.0+0.0i 0.0+0.0i 0.0+0.0i 0.0+0.0i 905.0+0.0i 1086.0+0.0i 182.0+0.0i 286.0+0.0i 0.0+0.0i 0.0+0.0i 0.0+0.0i 0.0+0.0i 0.0+0.0i 0.0+0.0i 0.0+0.0i 0.0+0.0i]
 [0.0+0.0i 0.0+0.0i 0.0+0.0i 0.0+0.0i 660.0+0.0i 792.0+0.0i 126.0+0.0i 200.0+0.0i 0.0+0.0i 0.0+0.0i 0.0+0.0i 0.0+0.0i 0.0+0.0i 0.0+0.0i 0.0+0.0i 0.0+0.0i]
 [0.0+0.0i 0.0+0.0i 0.0+0.0i 0.0+0.0i 415.0+0.0i 498.0+0.0i 70.0+0.0i 114.0+0.0i 0.0+0.0i 0.0+0.0i 0.0+0.0i 0.0+0.0i 0.0+0.0i 0.0+0.0i 0.0+0.0i 0.0+0.0i]
 [0.0+0.0i 0.0+0.0i 0.0+0.0i 0.0+0.0i 0.0+0.0i 0.0+0.0i 671.0+0.0i 860.0+0.0i 188.0+0.0i 306.0+0.0i 0.0+0.0i 0.0+0.0i 0.0+0.0i 0.0+0.0i 0.0+0.0i 0.0+0.0i]
 [0.0+0.0i 0.0+0.0i 0.0+0.0i 0.0+0.0i 0.0+0.0i 0.0+0.0i 529.0+0.0i 678.0+0.0i 145.0+0.0i 236.0+0.0i 0.0+0.0i 0.0+0.0i 0.0+0.0i 0.0+0.0i 0.0+0.0i 0.0+0.0i]
 [0.0+0.0i 0.0+0.0i 0.0+0.0i 0.0+0.0i 0.0+0.0i 0.0+0.0i 387.0+0.0i 496.0+0.0i 102.0+0.0i 166.0+0.0i 0.0+0.0i 0.0+0.0i 0.0+0.0i 0.0+0.0i 0.0+0.0i 0.0+0.0i]
 [0.0+0.0i 0.0+0.0i 0.0+0.0i 0.0+0.0i 0.0+0.0i 0.0+0.0i 245.0+0.0i 314.0+0.0i 59.0+0.0i 96.0+0.0i 0.0+0.0i 0.0+0.0i 0.0+0.0i 0.0+0.0i 0.0+0.0i 0.0+0.0i]
 [0.0+0.0i 0.0+0.0i 0.0+0.0i 0.0+0.0i 0.0+0.0i 0.0+0.0i 0.0+0.0i 0.0+0.0i 889.0+0.0i 1120.0+0.0i 64.0+0.0i 128.0+0.0i 0.0+0.0i 0.0+0.0i 0.0+0.0i 0.0+0.0i]
 [0.0+0.0i 0.0+0.0i 0.0+0.0i 0.0+0.0i 0.0+0.0i 0.0+0.0i 0.0+0.0i 0.0+0.0i 695.0+0.0i 876.0+0.0i 50.0+0.0i 100.0+0.0i 0.0+0.0i 0.0+0.0i 0.0+0.0i 0.0+0.0i]
 [0.0+0.0i 0.0+0.0i 0.0+0.0i 0.0+0.0i 0.0+0.0i 0.0+0.0i 0.0+0.0i 0.0+0.0i 501.0+0.0i 632.0+0.0i 36.0+0.0i 72.0+0.0i 0.0+0.0i 0.0+0.0i 0.0+0.0i 0.0+0.0i]
 [0.0+0.0i 0.0+0.0i 0.0+0.0i 0.0+0.0i 0.0+0.0i 0.0+0.0i 0.0+0.0i 0.0+0.0i 307.0+0.0i 388.0+0.0i 22.0+0.0i 44.0+0.0i 0.0+0.0i 0.0+0.0i 0.0+0.0i 0.0+0.0i]
 [0.0+0.0i 0.0+0.0i 0.0+0.0i 0.0+0.0i 0.0+0.0i 0.0+0.0i 0.0+0.0i 0.0+0.0i 0.0+0.0i 0.0+0.0i 1160.0+0.0i 1484.0+0.0i 64.0+0.0i 104.0+0.0i 0.0+0.0i 0.0+0.0i]
 [0.0+0.0i 0.0+0.0i 0.0+0.0i 0.0+0.0i 0.0+0.0i 0.0+0.0i 0.0+0.0i 0.0+0.0i 0.0+0.0i 0.0+0.0i 913.0+0.0i 1168.0+0.0i 48.0+0.0i 78.0+0.0i 0.0+0.0i 0.0+0.0i]
 [0.0+0.0i 0.0+0.0i 0.0+0.0i 0.0+0.0i 0.0+0.0i 0.0+0.0i 0.0+0.0i 0.0+0.0i 0.0+0.0i 0.0+0.0i 666.0+0.0i 852.0+0.0i 32.0+0.0i 52.0+0.0i 0.0+0.0i 0.0+0.0i]
 [0.0+0.0i 0.0+0.0i 0.0+0.0i 0.0+0.0i 0.0+0.0i 0.0+0.0i 0.0+0.0i 0.0+0.0i 0.0+0.0i 0.0+0.0i 419.0+0.0i 536.0+0.0i 16.0+0.0i 26.0+0.0i 0.0+0.0i 0.0+0.0i]
 [0.0+0.0i 0.0+0.0i 0.0+0.0i 0.0+0.0i 0.0+0.0i 0.0+0.0i 0.0+0.0i 0.0+0.0i 0.0+0.0i 0.0+0.0i 0.0+0.0i 0.0+0.0i 708.0+0.0i 980.0+0.0i 35.0+0.0i 70.0+0.0i]
 [0.0+0.0i 0.0+0.0i 0.0+0.0i 0.0+0.0i 0.0+0.0i 0.0+0.0i 0.0+0.0i 0.0+0.0i 0.0+0.0i 0.0+0.0i 0.0+0.0i 0.0+0.0i 551.0+0.0i 764.0+0.0i 27.0+0.0i 54.0+0.0i]
 [0.0+0.0i 0.0+0.0i 0.0+0.0i 0.0+0.0i 0.0+0.0i 0.0+0.0i 0.0+0.0i 0.0+0.0i 0.0+0.0i 0.0+0.0i 0.0+0.0i 0.0+0.0i 394.0+0.0i 548.0+0.0i 19.0+0.0i 38.0+0.0i]
 [0.0+0.0i 0.0+0.0i 0.0+0.0i 0.0+0.0i 0.0+0.0i 0.0+0.0i 0.0+0.0i 0.0+0.0i 0.0+0.0i 0.0+0.0i 0.0+0.0i 0.0+0.0i 237.0+0.0i 332.0+0.0i 11.0+0.0i 22.0+0.0i]
 [0.0+0.0i 0.0+0.0i 0.0+0.0i 0.0+0.0i 0.0+0.0i 0.0+0.0i 0.0+0.0i 0.0+0.0i 0.0+0.0i 0.0+0.0i 0.0+0.0i 0.0+0.0i 285.0+0.0i 342.0+0.0i 804.0+0.0i 1042.0+0.0i]
 [0.0+0.0i 0.0+0.0i 0.0+0.0i 0.0+0.0i 0.0+0.0i 0.0+0.0i 0.0+0.0i 0.0+0.0i 0.0+0.0i 0.0+0.0i 0.0+0.0i 0.0+0.0i 225.0+0.0i 270.0+0.0i 628.0+0.0i 814.0+0.0i]
 [0.0+0.0i 0.0+0.0i 0.0+0.0i 0.0+0.0i 0.0+0.0i 0.0+0.0i 0.0+0.0i 0.0+0.0i 0.0+0.0i 0.0+0.0i 0.0+0.0i 0.0+0.0i 165.0+0.0i 198.0+0.0i 452.0+0.0i 586.0+0.0i]
 [0.0+0.0i 0.0+0.0i 0.0+0.0i 0.0+0.0i 0.0+0.0i 0.0+0.0i 0.0+0.0i 0.0+0.0i 0.0+0.0i 0.0+0.0i 0.0+0.0i 0.0+0.0i 105.0+0.0i 126.0+0.0i 276.0+0.0i 358.0+0.0i]]
LinearWrapper_1.vector
[[0.0+0.0i 0.0+0.0i 0.0+0.0i 0.0+0.0i 0.0+0.0i 0.0+0.0i 0.0+0.0i 0.0+0.0i 0.0+0.0i 0.0+0.0i 0.0+0.0i 0.0+0.0i 0.0+0.0i 0.0+0.0i 0.0+0.0i 0.0+0.0i]]
ParamIdentity_1.matrix
[[1.0+0.0i]]
ParamIdentity_1.vector
[[0.0+0.0i]]
ParamIdentity_2.matrix
[[1.0+0.0i 0.0+0.0i]
 [0.0+0.0i 1.0+0.0i]]
ParamIdentity_2.vector
[[0.0+0.0i 0.0+0.0i]]
