FIRPipelineBad_1.matrix
[[5.0+0.0i 6.0+0.0i 7.0+0.0i 8.0+0.0i]
 [10.0+0.0i 12.0+0.0i 14.0+0.0i 16.0+0.0i]
 [15.0+0.0i 18.0+0.0i 21.0+0.0i 24.0+0.0i]
 [20.0+0.0i 24.0+0.0i 28.0+0.0i 32.0+0.0i]]
FIRPipelineBad_1.vector
[[0.0+0.0i 0.0+0.0i 0.0+0.0i 0.0+0.0i]]
FIRPipelineGood_1.matrix
[[70.0+0.0i]]
FIRPipelineGood_1.vector
[[0.0+0.0i]]
LinearFilterOne_1.matrix
[[1.0+0.0i]
 [2.0+0.0i]
 [3.0+0.0i]
 [4.0+0.0i]]
LinearFilterOne_1.vector
[[0.0+0.0i]]
LinearFilterOne_2.matrix
[[1.0+0.0i]
 [2.0+0.0i]
 [3.0+0.0i]
 [4.0+0.0i]]
LinearFilterOne_2.vector
[[0.0+0.0i]]
LinearFilterTwo_1.matrix
[[5.0+0.0i 6.0+0.0i 7.0+0.0i 8.0+0.0i]]
LinearFilterTwo_1.vector
[[0.0+0.0i 0.0+0.0i 0.0+0.0i 0.0+0.0i]]
LinearFilterTwo_2.matrix
[[5.0+0.0i 6.0+0.0i 7.0+0.0i 8.0+0.0i]]
LinearFilterTwo_2.vector
[[0.0+0.0i 0.0+0.0i 0.0+0.0i 0.0+0.0i]]
LinearWrapper_1.matrix
[[350.0+0.0i 420.0+0.0i 490.0+0.0i 560.0+0.0i]
 [700.0+0.0i 840.0+0.0i 980.0+0.0i 1120.0+0.0i]
 [1050.0+0.0i 1260.0+0.0i 1470.0+0.0i 1680.0+0.0i]
 [1400.0+0.0i 1680.0+0.0i 1960.0+0.0i 2240.0+0.0i]]
LinearWrapper_1.vector
[[0.0+0.0i 0.0+0.0i 0.0+0.0i 0.0+0.0i]]
