MockFIRFilter2_1.matrix
[[8.0+0.0i]
 [7.0+0.0i]
 [6.0+0.0i]
 [5.0+0.0i]
 [4.0+0.0i]
 [3.0+0.0i]
 [2.0+0.0i]
 [1.0+0.0i]
 [0.0+0.0i]]
MockFIRFilter2_1.vector
[[0.0+0.0i]]
