SimpleFIRFilter.matrix
[[2.0+0.0i]
 [3.0+0.0i]
 [2.0+0.0i]]
SimpleFIRFilter.vector
[[0.0+0.0i]]
