FloatFilter1_1.matrix
[[3.200000047683716+0.0i]
 [4.900000095367432+0.0i]
 [1.2000000476837158+0.0i]]
FloatFilter1_1.vector
[[4.199999809265137+0.0i]]
FloatFilter2_1.matrix
[[42.0+0.0i 24.0+0.0i 12.0+0.0i]
 [7.0+0.0i 4.0+0.0i 2.0+0.0i]
 [4.0+0.0i 2.0+0.0i 1.0+0.0i]]
FloatFilter2_1.vector
[[10.0+0.0i 3.0+0.0i 0.0+0.0i]]
FloatFilter3_1.matrix
[[0.0+0.0i 0.0+0.0i 4.0+0.0i]
 [0.0+0.0i 1.0+0.0i 3.0+0.0i]
 [1.0+0.0i 1.0+0.0i 2.0+0.0i]]
FloatFilter3_1.vector
[[0.0+0.0i 0.0+0.0i 1.0+0.0i]]
FloatFilter4_1.matrix
[[7.0+0.0i 8.0+0.0i]
 [6.0+0.0i 6.0+0.0i]
 [5.0+0.0i 4.0+0.0i]
 [4.0+0.0i 2.0+0.0i]
 [3.0+0.0i 0.0+0.0i]]
FloatFilter4_1.vector
[[0.0+0.0i 0.0+0.0i]]
LinearWrapper_1.matrix
[[5184.00007724762+0.0i 4377.600065231323+0.0i 0.0+0.0i 0.0+0.0i 0.0+0.0i 0.0+0.0i]
 [7938.000154495239+0.0i 6703.2001304626465+0.0i 0.0+0.0i 0.0+0.0i 0.0+0.0i 0.0+0.0i]
 [1944.0000772476196+0.0i 1641.6000652313232+0.0i 0.0+0.0i 0.0+0.0i 0.0+0.0i 0.0+0.0i]
 [864.0000128746033+0.0i 729.6000108718872+0.0i 0.0+0.0i 0.0+0.0i 0.0+0.0i 0.0+0.0i]
 [1323.0000257492065+0.0i 1117.2000217437744+0.0i 0.0+0.0i 0.0+0.0i 0.0+0.0i 0.0+0.0i]
 [324.00001287460327+0.0i 273.6000108718872+0.0i 0.0+0.0i 0.0+0.0i 0.0+0.0i 0.0+0.0i]
 [464.0000069141388+0.0i 390.40000581741333+0.0i 0.0+0.0i 0.0+0.0i 0.0+0.0i 0.0+0.0i]
 [710.5000138282776+0.0i 597.8000116348267+0.0i 0.0+0.0i 0.0+0.0i 0.0+0.0i 0.0+0.0i]
 [174.0000069141388+0.0i 146.40000581741333+0.0i 0.0+0.0i 0.0+0.0i 0.0+0.0i 0.0+0.0i]
 [499.20000743865967+0.0i 76.80000114440918+0.0i 5913.600088119507+0.0i 6758.400100708008+0.0i 0.0+0.0i 0.0+0.0i]
 [764.4000148773193+0.0i 117.60000228881836+0.0i 9055.200176239014+0.0i 10348.800201416016+0.0i 0.0+0.0i 0.0+0.0i]
 [187.20000743865967+0.0i 28.80000114440918+0.0i 2217.600088119507+0.0i 2534.400100708008+0.0i 0.0+0.0i 0.0+0.0i]
 [83.20000123977661+0.0i 12.800000190734863+0.0i 985.6000146865845+0.0i 1126.400016784668+0.0i 0.0+0.0i 0.0+0.0i]
 [127.40000247955322+0.0i 19.600000381469727+0.0i 1509.200029373169+0.0i 1724.800033569336+0.0i 0.0+0.0i 0.0+0.0i]
 [31.20000123977661+0.0i 4.800000190734863+0.0i 369.6000146865845+0.0i 422.40001678466797+0.0i 0.0+0.0i 0.0+0.0i]
 [41.600000619888306+0.0i 6.400000095367432+0.0i 537.6000080108643+0.0i 614.4000091552734+0.0i 0.0+0.0i 0.0+0.0i]
 [63.70000123977661+0.0i 9.800000190734863+0.0i 823.2000160217285+0.0i 940.8000183105469+0.0i 0.0+0.0i 0.0+0.0i]
 [15.600000619888306+0.0i 2.4000000953674316+0.0i 201.60000801086426+0.0i 230.40000915527344+0.0i 0.0+0.0i 0.0+0.0i]
 [0.0+0.0i 0.0+0.0i 4185.6000623703+0.0i 2380.8000354766846+0.0i 0.0+0.0i 0.0+0.0i]
 [0.0+0.0i 0.0+0.0i 6409.200124740601+0.0i 3645.600070953369+0.0i 0.0+0.0i 0.0+0.0i]
 [0.0+0.0i 0.0+0.0i 1569.6000623703003+0.0i 892.8000354766846+0.0i 0.0+0.0i 0.0+0.0i]
 [0.0+0.0i 0.0+0.0i 697.60001039505+0.0i 396.80000591278076+0.0i 0.0+0.0i 0.0+0.0i]
 [0.0+0.0i 0.0+0.0i 1068.2000207901+0.0i 607.6000118255615+0.0i 0.0+0.0i 0.0+0.0i]
 [0.0+0.0i 0.0+0.0i 261.60001039505005+0.0i 148.80000591278076+0.0i 0.0+0.0i 0.0+0.0i]
 [0.0+0.0i 0.0+0.0i 374.40000557899475+0.0i 211.20000314712524+0.0i 0.0+0.0i 0.0+0.0i]
 [0.0+0.0i 0.0+0.0i 573.3000111579895+0.0i 323.4000062942505+0.0i 0.0+0.0i 0.0+0.0i]
 [0.0+0.0i 0.0+0.0i 140.40000557899475+0.0i 79.20000314712524+0.0i 0.0+0.0i 0.0+0.0i]
 [0.0+0.0i 0.0+0.0i 115.20000171661377+0.0i 0.0+0.0i 5875.200087547302+0.0i 5990.400089263916+0.0i]
 [0.0+0.0i 0.0+0.0i 176.40000343322754+0.0i 0.0+0.0i 8996.400175094604+0.0i 9172.800178527832+0.0i]
 [0.0+0.0i 0.0+0.0i 43.20000171661377+0.0i 0.0+0.0i 2203.2000875473022+0.0i 2246.400089263916+0.0i]
 [0.0+0.0i 0.0+0.0i 19.200000286102295+0.0i 0.0+0.0i 979.200014591217+0.0i 998.4000148773193+0.0i]
 [0.0+0.0i 0.0+0.0i 29.40000057220459+0.0i 0.0+0.0i 1499.400029182434+0.0i 1528.8000297546387+0.0i]
 [0.0+0.0i 0.0+0.0i 7.200000286102295+0.0i 0.0+0.0i 367.20001459121704+0.0i 374.40001487731934+0.0i]
 [0.0+0.0i 0.0+0.0i 9.600000143051147+0.0i 0.0+0.0i 528.0000078678131+0.0i 537.6000080108643+0.0i]
 [0.0+0.0i 0.0+0.0i 14.700000286102295+0.0i 0.0+0.0i 808.5000157356262+0.0i 823.2000160217285+0.0i]
 [0.0+0.0i 0.0+0.0i 3.6000001430511475+0.0i 0.0+0.0i 198.0000078678131+0.0i 201.60000801086426+0.0i]
 [0.0+0.0i 0.0+0.0i 0.0+0.0i 0.0+0.0i 3187.200047492981+0.0i 384.0000057220459+0.0i]
 [0.0+0.0i 0.0+0.0i 0.0+0.0i 0.0+0.0i 4880.400094985962+0.0i 588.0000114440918+0.0i]
 [0.0+0.0i 0.0+0.0i 0.0+0.0i 0.0+0.0i 1195.200047492981+0.0i 144.0000057220459+0.0i]
 [0.0+0.0i 0.0+0.0i 0.0+0.0i 0.0+0.0i 531.2000079154968+0.0i 64.00000095367432+0.0i]
 [0.0+0.0i 0.0+0.0i 0.0+0.0i 0.0+0.0i 813.4000158309937+0.0i 98.00000190734863+0.0i]
 [0.0+0.0i 0.0+0.0i 0.0+0.0i 0.0+0.0i 199.20000791549683+0.0i 24.000000953674316+0.0i]
 [0.0+0.0i 0.0+0.0i 0.0+0.0i 0.0+0.0i 284.8000042438507+0.0i 32.00000047683716+0.0i]
 [0.0+0.0i 0.0+0.0i 0.0+0.0i 0.0+0.0i 436.1000084877014+0.0i 49.000000953674316+0.0i]
 [0.0+0.0i 0.0+0.0i 0.0+0.0i 0.0+0.0i 106.80000424385071+0.0i 12.000000476837158+0.0i]]
LinearWrapper_1.vector
[[9642.999574661255+0.0i 7559.599666595459+0.0i 17415.39923477173+0.0i 15589.99931526184+0.0i 15426.599321365356+0.0i 10838.399522781372+0.0i]]
