SimpleMultiFIRFilter_1.matrix
[[0.0+0.0i 1.0+0.0i]
 [2.0+0.0i 2.0+0.0i]
 [1.0+0.0i 3.0+0.0i]]
SimpleMultiFIRFilter_1.vector
[[0.0+0.0i 0.0+0.0i]]
