FloatFilter_1.matrix
[[1.0+0.0i]
 [0.0+0.0i]]
FloatFilter_1.vector
[[5.0+0.0i]]
FloatIdentity_1.matrix
[[1.0+0.0i]]
FloatIdentity_1.vector
[[0.0+0.0i]]
LinearWrapper_1.matrix
[[1.0+0.0i]
 [0.0+0.0i]]
LinearWrapper_1.vector
[[5.0+0.0i]]
