LinearFilter1_1.matrix
[[1.0+0.0i 2.0+0.0i 3.0+0.0i]
 [4.0+0.0i 5.0+0.0i 6.0+0.0i]
 [7.0+0.0i 8.0+0.0i 9.0+0.0i]]
LinearFilter1_1.vector
[[0.0+0.0i 0.0+0.0i 0.0+0.0i]]
LinearFilter1_2.matrix
[[1.0+0.0i 2.0+0.0i 3.0+0.0i]
 [4.0+0.0i 5.0+0.0i 6.0+0.0i]
 [7.0+0.0i 8.0+0.0i 9.0+0.0i]]
LinearFilter1_2.vector
[[0.0+0.0i 0.0+0.0i 0.0+0.0i]]
LinearFilter2_1.matrix
[[0.0+0.0i 1.0+0.0i]
 [1.0+0.0i 0.0+0.0i]
 [1.0+0.0i 1.0+0.0i]]
LinearFilter2_1.vector
[[0.0+0.0i 0.0+0.0i]]
LinearFilter2_2.matrix
[[0.0+0.0i 1.0+0.0i]
 [1.0+0.0i 0.0+0.0i]
 [1.0+0.0i 1.0+0.0i]]
LinearFilter2_2.vector
[[0.0+0.0i 0.0+0.0i]]
LinearFilter3_1.matrix
[[1.0+0.0i 2.0+0.0i 0.0+0.0i 2.0+0.0i]
 [2.0+0.0i 1.0+0.0i 1.0+0.0i 1.0+0.0i]]
LinearFilter3_1.vector
[[0.0+0.0i 0.0+0.0i 0.0+0.0i 0.0+0.0i]]
LinearFilter3_2.matrix
[[1.0+0.0i 2.0+0.0i 0.0+0.0i 2.0+0.0i]
 [2.0+0.0i 1.0+0.0i 1.0+0.0i 1.0+0.0i]]
LinearFilter3_2.vector
[[0.0+0.0i 0.0+0.0i 0.0+0.0i 0.0+0.0i]]
LinearFilter4_1.matrix
[[4.0+0.0i]
 [1.0+0.0i]
 [2.0+0.0i]
 [3.0+0.0i]]
LinearFilter4_1.vector
[[0.0+0.0i]]
LinearFilter4_2.matrix
[[4.0+0.0i]
 [1.0+0.0i]
 [2.0+0.0i]
 [3.0+0.0i]]
LinearFilter4_2.vector
[[0.0+0.0i]]
LinearPipe_1.matrix
[[116.0+0.0i]
 [272.0+0.0i]
 [428.0+0.0i]]
LinearPipe_1.vector
[[0.0+0.0i]]
LinearPipe_2.matrix
[[116.0+0.0i]
 [272.0+0.0i]
 [428.0+0.0i]]
LinearPipe_2.vector
[[0.0+0.0i]]
LinearWrapper_1.matrix
[[13456.0+0.0i]
 [31552.0+0.0i]
 [49648.0+0.0i]
 [31552.0+0.0i]
 [73984.0+0.0i]
 [116416.0+0.0i]
 [49648.0+0.0i]
 [116416.0+0.0i]
 [183184.0+0.0i]]
LinearWrapper_1.vector
[[0.0+0.0i]]
