FloatFilter1_1.matrix
[[-2.0+0.0i 1.0+0.0i 0.0+0.0i]
 [3.0+0.0i 1.0+0.0i 0.0+0.0i]
 [3.0+0.0i 1.0+0.0i 0.0+0.0i]]
FloatFilter1_1.vector
[[0.0+0.0i 0.0+0.0i 0.0+0.0i]]
FloatFilter2_1.matrix
[[10.0+0.0i 2.0+0.0i 1.0+0.0i]
 [37.0+0.0i 2.0+0.0i 1.0+0.0i]
 [1.0+0.0i 3.0+0.0i 1.0+0.0i]]
FloatFilter2_1.vector
[[21.0+0.0i 0.0+0.0i 0.0+0.0i]]
FloatIdentity_1.matrix
[[1.0+0.0i]]
FloatIdentity_1.vector
[[0.0+0.0i]]
LinearWrapper_1.matrix
[[17.0+0.0i -2.0+0.0i -1.0+0.0i]
 [67.0+0.0i 8.0+0.0i 4.0+0.0i]
 [67.0+0.0i 8.0+0.0i 4.0+0.0i]]
LinearWrapper_1.vector
[[21.0+0.0i 0.0+0.0i 0.0+0.0i]]
