LinearWrapper_1.matrix
[[1.0+0.0i 2.0+0.0i 3.0+0.0i 0.0+0.0i 0.0+0.0i 0.0+0.0i 0.0+0.0i 0.0+0.0i 0.0+0.0i]
 [2.0+0.0i 4.0+0.0i 6.0+0.0i 0.0+0.0i 0.0+0.0i 0.0+0.0i 0.0+0.0i 0.0+0.0i 0.0+0.0i]
 [3.0+0.0i 6.0+0.0i 9.0+0.0i 0.0+0.0i 0.0+0.0i 0.0+0.0i 0.0+0.0i 0.0+0.0i 0.0+0.0i]
 [3.0+0.0i 6.0+0.0i 9.0+0.0i 1.0+0.0i 2.0+0.0i 3.0+0.0i 3.0+0.0i 6.0+0.0i 9.0+0.0i]
 [6.0+0.0i 12.0+0.0i 18.0+0.0i 2.0+0.0i 4.0+0.0i 6.0+0.0i 6.0+0.0i 12.0+0.0i 18.0+0.0i]
 [9.0+0.0i 18.0+0.0i 27.0+0.0i 3.0+0.0i 6.0+0.0i 9.0+0.0i 9.0+0.0i 18.0+0.0i 27.0+0.0i]]
LinearWrapper_1.vector
[[0.0+0.0i 0.0+0.0i 0.0+0.0i 0.0+0.0i 0.0+0.0i 0.0+0.0i 0.0+0.0i 0.0+0.0i 0.0+0.0i]]
RedundantFilter1_1.matrix
[[1.0+0.0i 0.0+0.0i 0.0+0.0i]
 [2.0+0.0i 0.0+0.0i 0.0+0.0i]
 [3.0+0.0i 0.0+0.0i 0.0+0.0i]]
RedundantFilter1_1.vector
[[0.0+0.0i 0.0+0.0i 0.0+0.0i]]
RedundantFilter2_1.matrix
[[1.0+0.0i 1.0+0.0i 0.0+0.0i]
 [2.0+0.0i 2.0+0.0i 0.0+0.0i]
 [3.0+0.0i 3.0+0.0i 0.0+0.0i]]
RedundantFilter2_1.vector
[[0.0+0.0i 0.0+0.0i 0.0+0.0i]]
RedundantFilter3_1.matrix
[[1.0+0.0i 1.0+0.0i 0.0+0.0i]
 [2.0+0.0i 0.0+0.0i 0.0+0.0i]
 [3.0+0.0i 0.0+0.0i 0.0+0.0i]]
RedundantFilter3_1.vector
[[0.0+0.0i 0.0+0.0i 0.0+0.0i]]
RedundantFilter4_1.matrix
[[1.0+0.0i 2.0+0.0i 3.0+0.0i]
 [0.0+0.0i 0.0+0.0i 0.0+0.0i]
 [1.0+0.0i 2.0+0.0i 3.0+0.0i]]
RedundantFilter4_1.vector
[[0.0+0.0i 0.0+0.0i 0.0+0.0i]]
