FloatFilter1_1.matrix
[[1.0+0.0i 2.0+0.0i]
 [3.0+0.0i 4.0+0.0i]]
FloatFilter1_1.vector
[[0.0+0.0i 0.0+0.0i]]
FloatFilter1_2.matrix
[[1.0+0.0i 2.0+0.0i]
 [3.0+0.0i 4.0+0.0i]]
FloatFilter1_2.vector
[[0.0+0.0i 0.0+0.0i]]
FloatFilter2_1.matrix
[[5.0+0.0i 6.0+0.0i 7.0+0.0i]
 [8.0+0.0i 9.0+0.0i 10.0+0.0i]
 [11.0+0.0i 12.0+0.0i 13.0+0.0i]]
FloatFilter2_1.vector
[[0.0+0.0i 0.0+0.0i 0.0+0.0i]]
FloatFilter2_2.matrix
[[5.0+0.0i 6.0+0.0i 7.0+0.0i]
 [8.0+0.0i 9.0+0.0i 10.0+0.0i]
 [11.0+0.0i 12.0+0.0i 13.0+0.0i]]
FloatFilter2_2.vector
[[0.0+0.0i 0.0+0.0i 0.0+0.0i]]
LinearSJ2_1.matrix
[[5.0+0.0i 6.0+0.0i 7.0+0.0i 0.0+0.0i 0.0+0.0i 0.0+0.0i 0.0+0.0i 0.0+0.0i 0.0+0.0i 0.0+0.0i]
 [8.0+0.0i 9.0+0.0i 10.0+0.0i 0.0+0.0i 0.0+0.0i 0.0+0.0i 0.0+0.0i 0.0+0.0i 0.0+0.0i 0.0+0.0i]
 [11.0+0.0i 12.0+0.0i 13.0+0.0i 0.0+0.0i 0.0+0.0i 0.0+0.0i 0.0+0.0i 0.0+0.0i 0.0+0.0i 0.0+0.0i]
 [0.0+0.0i 0.0+0.0i 0.0+0.0i 5.0+0.0i 6.0+0.0i 7.0+0.0i 0.0+0.0i 0.0+0.0i 0.0+0.0i 0.0+0.0i]
 [0.0+0.0i 0.0+0.0i 0.0+0.0i 8.0+0.0i 9.0+0.0i 10.0+0.0i 0.0+0.0i 0.0+0.0i 0.0+0.0i 0.0+0.0i]
 [0.0+0.0i 0.0+0.0i 0.0+0.0i 11.0+0.0i 12.0+0.0i 13.0+0.0i 0.0+0.0i 0.0+0.0i 0.0+0.0i 0.0+0.0i]
 [0.0+0.0i 0.0+0.0i 0.0+0.0i 0.0+0.0i 0.0+0.0i 0.0+0.0i 1.0+0.0i 2.0+0.0i 0.0+0.0i 0.0+0.0i]
 [0.0+0.0i 0.0+0.0i 0.0+0.0i 0.0+0.0i 0.0+0.0i 0.0+0.0i 3.0+0.0i 4.0+0.0i 0.0+0.0i 0.0+0.0i]
 [0.0+0.0i 0.0+0.0i 0.0+0.0i 0.0+0.0i 0.0+0.0i 0.0+0.0i 0.0+0.0i 0.0+0.0i 1.0+0.0i 2.0+0.0i]
 [0.0+0.0i 0.0+0.0i 0.0+0.0i 0.0+0.0i 0.0+0.0i 0.0+0.0i 0.0+0.0i 0.0+0.0i 3.0+0.0i 4.0+0.0i]]
LinearSJ2_1.vector
[[0.0+0.0i 0.0+0.0i 0.0+0.0i 0.0+0.0i 0.0+0.0i 0.0+0.0i 0.0+0.0i 0.0+0.0i 0.0+0.0i 0.0+0.0i]]
LinearSJ_1.matrix
[[5.0+0.0i 6.0+0.0i 7.0+0.0i 0.0+0.0i 0.0+0.0i]
 [8.0+0.0i 9.0+0.0i 10.0+0.0i 0.0+0.0i 0.0+0.0i]
 [11.0+0.0i 12.0+0.0i 13.0+0.0i 0.0+0.0i 0.0+0.0i]
 [0.0+0.0i 0.0+0.0i 0.0+0.0i 1.0+0.0i 2.0+0.0i]
 [0.0+0.0i 0.0+0.0i 0.0+0.0i 3.0+0.0i 4.0+0.0i]]
LinearSJ_1.vector
[[0.0+0.0i 0.0+0.0i 0.0+0.0i 0.0+0.0i 0.0+0.0i]]
LinearWrapper_1.matrix
[[150.0+0.0i 168.0+0.0i 186.0+0.0i 0.0+0.0i 0.0+0.0i 0.0+0.0i 0.0+0.0i 0.0+0.0i 0.0+0.0i 0.0+0.0i]
 [222.0+0.0i 249.0+0.0i 276.0+0.0i 0.0+0.0i 0.0+0.0i 0.0+0.0i 0.0+0.0i 0.0+0.0i 0.0+0.0i 0.0+0.0i]
 [294.0+0.0i 330.0+0.0i 366.0+0.0i 0.0+0.0i 0.0+0.0i 0.0+0.0i 0.0+0.0i 0.0+0.0i 0.0+0.0i 0.0+0.0i]
 [0.0+0.0i 0.0+0.0i 0.0+0.0i 21.0+0.0i 24.0+0.0i 27.0+0.0i 0.0+0.0i 0.0+0.0i 0.0+0.0i 0.0+0.0i]
 [0.0+0.0i 0.0+0.0i 0.0+0.0i 47.0+0.0i 54.0+0.0i 61.0+0.0i 0.0+0.0i 0.0+0.0i 0.0+0.0i 0.0+0.0i]
 [0.0+0.0i 0.0+0.0i 0.0+0.0i 55.0+0.0i 60.0+0.0i 65.0+0.0i 27.0+0.0i 40.0+0.0i 0.0+0.0i 0.0+0.0i]
 [0.0+0.0i 0.0+0.0i 0.0+0.0i 88.0+0.0i 96.0+0.0i 104.0+0.0i 39.0+0.0i 58.0+0.0i 0.0+0.0i 0.0+0.0i]
 [0.0+0.0i 0.0+0.0i 0.0+0.0i 121.0+0.0i 132.0+0.0i 143.0+0.0i 51.0+0.0i 76.0+0.0i 0.0+0.0i 0.0+0.0i]
 [0.0+0.0i 0.0+0.0i 0.0+0.0i 0.0+0.0i 0.0+0.0i 0.0+0.0i 0.0+0.0i 0.0+0.0i 7.0+0.0i 10.0+0.0i]
 [0.0+0.0i 0.0+0.0i 0.0+0.0i 0.0+0.0i 0.0+0.0i 0.0+0.0i 0.0+0.0i 0.0+0.0i 15.0+0.0i 22.0+0.0i]]
LinearWrapper_1.vector
[[0.0+0.0i 0.0+0.0i 0.0+0.0i 0.0+0.0i 0.0+0.0i 0.0+0.0i 0.0+0.0i 0.0+0.0i 0.0+0.0i 0.0+0.0i]]
